EN data_memory NULL C:/Users/Absolute/Xilinx/workspace/Mips32/data_memory.vhd sub00/vhpl08 1335946829
AR execute behavioral C:/Users/Absolute/Xilinx/workspace/Mips32/execute.vhd sub00/vhpl07 1335946828
AR mips behavioral C:/Users/Absolute/Xilinx/workspace/Mips32/mips.vhd sub00/vhpl11 1335946653
AR control_unit behavioral C:/Users/Absolute/Xilinx/workspace/Mips32/control_unit.vhd sub00/vhpl03 1335946824
EN instruction_fetch NULL C:/Users/Absolute/Xilinx/workspace/Mips32/instruction_fetch.vhd sub00/vhpl00 1335946821
AR instruction_fetch behavioral C:/Users/Absolute/Xilinx/workspace/Mips32/instruction_fetch.vhd sub00/vhpl01 1335946822
AR op_fetch behavioral C:/Users/Absolute/Xilinx/workspace/Mips32/op_fetch.vhd sub00/vhpl05 1335946826
EN op_fetch NULL C:/Users/Absolute/Xilinx/workspace/Mips32/op_fetch.vhd sub00/vhpl04 1335946825
AR data_memory behavioral C:/Users/Absolute/Xilinx/workspace/Mips32/data_memory.vhd sub00/vhpl09 1335942549
EN execute NULL C:/Users/Absolute/Xilinx/workspace/Mips32/execute.vhd sub00/vhpl06 1335946827
EN mips NULL C:/Users/Absolute/Xilinx/workspace/Mips32/mips.vhd sub00/vhpl10 1335946652
EN control_unit NULL C:/Users/Absolute/Xilinx/workspace/Mips32/control_unit.vhd sub00/vhpl02 1335946823
