V3 23
FL C:/Users/Absolute/Xilinx/workspace/Mips32/control_unit.vhd 2012/05/02.02:55:37 O.61xd
EN work/control_unit 1335946823 \
      FL C:/Users/Absolute/Xilinx/workspace/Mips32/control_unit.vhd \
      PB ieee/std_logic_1164 1308643377
AR work/control_unit/Behavioral 1335946824 \
      FL C:/Users/Absolute/Xilinx/workspace/Mips32/control_unit.vhd \
      EN work/control_unit 1335946823
FL C:/Users/Absolute/Xilinx/workspace/Mips32/data_memory.vhd 2012/05/02.03:06:49 O.61xd
EN work/data_memory 1335942548 \
      FL C:/Users/Absolute/Xilinx/workspace/Mips32/data_memory.vhd \
      PB ieee/std_logic_1164 1308643377 PB ieee/std_logic_arith 1308643378 \
      PB ieee/STD_LOGIC_SIGNED 1308643379
AR work/data_memory/Behavioral 1335942549 \
      FL C:/Users/Absolute/Xilinx/workspace/Mips32/data_memory.vhd \
      EN work/data_memory 1335942548
FL C:/Users/Absolute/Xilinx/workspace/Mips32/execute.vhd 2012/05/02.03:02:10 O.61xd
EN work/execute 1335946827 \
      FL C:/Users/Absolute/Xilinx/workspace/Mips32/execute.vhd \
      PB ieee/std_logic_1164 1308643377 PB ieee/STD_LOGIC_UNSIGNED 1308643379
AR work/execute/Behavioral 1335946828 \
      FL C:/Users/Absolute/Xilinx/workspace/Mips32/execute.vhd EN work/execute 1335946827
FL C:/Users/Absolute/Xilinx/workspace/Mips32/instruction_fetch.vhd 2012/05/02.02:41:22 O.61xd
EN work/instruction_fetch 1335946821 \
      FL C:/Users/Absolute/Xilinx/workspace/Mips32/instruction_fetch.vhd \
      PB ieee/std_logic_1164 1308643377 PB ieee/std_logic_arith 1308643378 \
      PB ieee/STD_LOGIC_UNSIGNED 1308643379
AR work/instruction_fetch/Behavioral 1335946822 \
      FL C:/Users/Absolute/Xilinx/workspace/Mips32/instruction_fetch.vhd \
      EN work/instruction_fetch 1335946821
FL C:/Users/Absolute/Xilinx/workspace/Mips32/mips.vhd 2012/05/02.04:17:21 O.61xd
EN work/mips 1335946652 FL C:/Users/Absolute/Xilinx/workspace/Mips32/mips.vhd \
      PB ieee/std_logic_1164 1308643377
AR work/mips/Behavioral 1335946653 \
      FL C:/Users/Absolute/Xilinx/workspace/Mips32/mips.vhd EN work/mips 1335946652 \
      CP instruction_fetch CP control_unit CP op_fetch CP execute CP data_memory
FL C:/Users/Absolute/Xilinx/workspace/Mips32/op_fetch.vhd 2012/05/02.04:14:10 O.61xd
EN work/op_fetch 1335946825 \
      FL C:/Users/Absolute/Xilinx/workspace/Mips32/op_fetch.vhd \
      PB ieee/std_logic_1164 1308643377 PB ieee/std_logic_arith 1308643378 \
      PB ieee/STD_LOGIC_UNSIGNED 1308643379
AR work/op_fetch/Behavioral 1335946826 \
      FL C:/Users/Absolute/Xilinx/workspace/Mips32/op_fetch.vhd EN work/op_fetch 1335946825
